2026-03-07T10:40:37.427Z - [RECOVERED] deck/2025.md
    "code": "invalid_type",
    "expected": "string",
    "received": "undefined",
    "path": [
      "title"
    ],
    "message": "Required"
  },
  {
    "expected": "'draft' | 'queued' | 'published'",
    "received": "undefined",
    "code": "invalid_type",
    "path": [
      "status"
    ],
    "message": "Required"
  }
]
2026-03-07T10:40:37.427Z - [RECOVERED] deck/2025.md
2026-03-07T10:40:37.437Z - [RECOVERED] deck/tutorial.md
    "code": "invalid_type",
    "expected": "string",
    "received": "undefined",
    "path": [
      "title"
    ],
    "message": "Required"
  },
  {
    "expected": "'draft' | 'queued' | 'published'",
    "received": "undefined",
    "code": "invalid_type",
    "path": [
      "status"
    ],
    "message": "Required"
  }
]
2026-03-07T10:40:37.437Z - [RECOVERED] deck/tutorial.md
2026-03-07T10:40:37.446Z - [RECOVERED] deck/Forgotten Futures.md
    "code": "invalid_type",
    "expected": "string",
    "received": "undefined",
    "path": [
      "title"
    ],
    "message": "Required"
  },
  {
    "expected": "'draft' | 'queued' | 'published'",
    "received": "undefined",
    "code": "invalid_type",
    "path": [
      "status"
    ],
    "message": "Required"
  }
]
2026-03-07T10:40:37.446Z - [RECOVERED] deck/Forgotten Futures.md
2026-03-07T10:40:37.450Z - [RECOVERED] deck/fatality-intro.md
    "code": "invalid_type",
    "expected": "string",
    "received": "undefined",
    "path": [
      "title"
    ],
    "message": "Required"
  },
  {
    "expected": "'draft' | 'queued' | 'published'",
    "received": "undefined",
    "code": "invalid_type",
    "path": [
      "status"
    ],
    "message": "Required"
  }
]
2026-03-07T10:40:37.450Z - [RECOVERED] deck/fatality-intro.md
2026-03-07T10:40:37.457Z - [RECOVERED] deck/cococo.md
    "code": "invalid_type",
    "expected": "string",
    "received": "undefined",
    "path": [
      "title"
    ],
    "message": "Required"
  },
  {
    "expected": "'draft' | 'queued' | 'published'",
    "received": "undefined",
    "code": "invalid_type",
    "path": [
      "status"
    ],
    "message": "Required"
  }
]
2026-03-07T10:40:37.457Z - [RECOVERED] deck/cococo.md
2026-03-07T10:40:37.463Z - [RECOVERED] deck/fatality-playbook.md
    "code": "invalid_type",
    "expected": "string",
    "received": "undefined",
    "path": [
      "title"
    ],
    "message": "Required"
  },
  {
    "expected": "'draft' | 'queued' | 'published'",
    "received": "undefined",
    "code": "invalid_type",
    "path": [
      "status"
    ],
    "message": "Required"
  }
]
2026-03-07T10:40:37.463Z - [RECOVERED] deck/fatality-playbook.md
2026-03-07T10:40:37.468Z - [RECOVERED] deck/declaration.md
    "code": "invalid_type",
    "expected": "string",
    "received": "undefined",
    "path": [
      "title"
    ],
    "message": "Required"
  },
  {
    "expected": "'draft' | 'queued' | 'published'",
    "received": "undefined",
    "code": "invalid_type",
    "path": [
      "status"
    ],
    "message": "Required"
  }
]
2026-03-07T10:40:37.468Z - [RECOVERED] deck/declaration.md
2026-03-07T10:21:16.406Z - brain-character/brain-character.md: Entity type registration failed for brain-character: No adapter registered for entity type
→ brain-character/brain-character.md.invalid

2026-03-07T10:21:16.505Z - anchor-profile/anchor-profile.md: Entity type registration failed for anchor-profile: No adapter registered for entity type
→ anchor-profile/anchor-profile.md.invalid

2026-03-07T10:40:37.427Z - [RECOVERED] deck/2025.md
    "code": "invalid_type",
    "expected": "string",
    "received": "undefined",
    "path": [
      "title"
    ],
    "message": "Required"
  },
  {
    "expected": "'draft' | 'queued' | 'published'",
    "received": "undefined",
    "code": "invalid_type",
    "path": [
      "status"
    ],
    "message": "Required"
  }
]
2026-03-07T10:40:37.427Z - [RECOVERED] deck/2025.md
2026-03-07T10:40:37.437Z - [RECOVERED] deck/tutorial.md
    "code": "invalid_type",
    "expected": "string",
    "received": "undefined",
    "path": [
      "title"
    ],
    "message": "Required"
  },
  {
    "expected": "'draft' | 'queued' | 'published'",
    "received": "undefined",
    "code": "invalid_type",
    "path": [
      "status"
    ],
    "message": "Required"
  }
]
2026-03-07T10:40:37.437Z - [RECOVERED] deck/tutorial.md
2026-03-07T10:40:37.446Z - [RECOVERED] deck/Forgotten Futures.md
    "code": "invalid_type",
    "expected": "string",
    "received": "undefined",
    "path": [
      "title"
    ],
    "message": "Required"
  },
  {
    "expected": "'draft' | 'queued' | 'published'",
    "received": "undefined",
    "code": "invalid_type",
    "path": [
      "status"
    ],
    "message": "Required"
  }
]
2026-03-07T10:40:37.446Z - [RECOVERED] deck/Forgotten Futures.md
2026-03-07T10:40:37.450Z - [RECOVERED] deck/fatality-intro.md
    "code": "invalid_type",
    "expected": "string",
    "received": "undefined",
    "path": [
      "title"
    ],
    "message": "Required"
  },
  {
    "expected": "'draft' | 'queued' | 'published'",
    "received": "undefined",
    "code": "invalid_type",
    "path": [
      "status"
    ],
    "message": "Required"
  }
]
2026-03-07T10:40:37.450Z - [RECOVERED] deck/fatality-intro.md
2026-03-07T10:40:37.457Z - [RECOVERED] deck/cococo.md
    "code": "invalid_type",
    "expected": "string",
    "received": "undefined",
    "path": [
      "title"
    ],
    "message": "Required"
  },
  {
    "expected": "'draft' | 'queued' | 'published'",
    "received": "undefined",
    "code": "invalid_type",
    "path": [
      "status"
    ],
    "message": "Required"
  }
]
2026-03-07T10:40:37.457Z - [RECOVERED] deck/cococo.md
2026-03-07T10:40:37.463Z - [RECOVERED] deck/fatality-playbook.md
    "code": "invalid_type",
    "expected": "string",
    "received": "undefined",
    "path": [
      "title"
    ],
    "message": "Required"
  },
  {
    "expected": "'draft' | 'queued' | 'published'",
    "received": "undefined",
    "code": "invalid_type",
    "path": [
      "status"
    ],
    "message": "Required"
  }
]
2026-03-07T10:40:37.463Z - [RECOVERED] deck/fatality-playbook.md
2026-03-07T10:40:37.468Z - [RECOVERED] deck/declaration.md
    "code": "invalid_type",
    "expected": "string",
    "received": "undefined",
    "path": [
      "title"
    ],
    "message": "Required"
  },
  {
    "expected": "'draft' | 'queued' | 'published'",
    "received": "undefined",
    "code": "invalid_type",
    "path": [
      "status"
    ],
    "message": "Required"
  }
]
2026-03-07T10:40:37.468Z - [RECOVERED] deck/declaration.md
2026-03-07T10:26:16.326Z - brain-character/brain-character.md: Entity type registration failed for brain-character: No adapter registered for entity type
→ brain-character/brain-character.md.invalid

2026-03-07T10:26:16.414Z - anchor-profile/anchor-profile.md: Entity type registration failed for anchor-profile: No adapter registered for entity type
→ anchor-profile/anchor-profile.md.invalid

2026-03-07T10:40:37.427Z - [RECOVERED] deck/2025.md
    "code": "invalid_type",
    "expected": "string",
    "received": "undefined",
    "path": [
      "title"
    ],
    "message": "Required"
  },
  {
    "expected": "'draft' | 'queued' | 'published'",
    "received": "undefined",
    "code": "invalid_type",
    "path": [
      "status"
    ],
    "message": "Required"
  }
]
2026-03-07T10:40:37.427Z - [RECOVERED] deck/2025.md
2026-03-07T10:40:37.437Z - [RECOVERED] deck/tutorial.md
    "code": "invalid_type",
    "expected": "string",
    "received": "undefined",
    "path": [
      "title"
    ],
    "message": "Required"
  },
  {
    "expected": "'draft' | 'queued' | 'published'",
    "received": "undefined",
    "code": "invalid_type",
    "path": [
      "status"
    ],
    "message": "Required"
  }
]
2026-03-07T10:40:37.437Z - [RECOVERED] deck/tutorial.md
2026-03-07T10:40:37.446Z - [RECOVERED] deck/Forgotten Futures.md
    "code": "invalid_type",
    "expected": "string",
    "received": "undefined",
    "path": [
      "title"
    ],
    "message": "Required"
  },
  {
    "expected": "'draft' | 'queued' | 'published'",
    "received": "undefined",
    "code": "invalid_type",
    "path": [
      "status"
    ],
    "message": "Required"
  }
]
2026-03-07T10:40:37.446Z - [RECOVERED] deck/Forgotten Futures.md
2026-03-07T10:40:37.450Z - [RECOVERED] deck/fatality-intro.md
    "code": "invalid_type",
    "expected": "string",
    "received": "undefined",
    "path": [
      "title"
    ],
    "message": "Required"
  },
  {
    "expected": "'draft' | 'queued' | 'published'",
    "received": "undefined",
    "code": "invalid_type",
    "path": [
      "status"
    ],
    "message": "Required"
  }
]
2026-03-07T10:40:37.450Z - [RECOVERED] deck/fatality-intro.md
2026-03-07T10:40:37.457Z - [RECOVERED] deck/cococo.md
    "code": "invalid_type",
    "expected": "string",
    "received": "undefined",
    "path": [
      "title"
    ],
    "message": "Required"
  },
  {
    "expected": "'draft' | 'queued' | 'published'",
    "received": "undefined",
    "code": "invalid_type",
    "path": [
      "status"
    ],
    "message": "Required"
  }
]
2026-03-07T10:40:37.457Z - [RECOVERED] deck/cococo.md
2026-03-07T10:40:37.463Z - [RECOVERED] deck/fatality-playbook.md
    "code": "invalid_type",
    "expected": "string",
    "received": "undefined",
    "path": [
      "title"
    ],
    "message": "Required"
  },
  {
    "expected": "'draft' | 'queued' | 'published'",
    "received": "undefined",
    "code": "invalid_type",
    "path": [
      "status"
    ],
    "message": "Required"
  }
]
2026-03-07T10:40:37.463Z - [RECOVERED] deck/fatality-playbook.md
2026-03-07T10:40:37.468Z - [RECOVERED] deck/declaration.md
    "code": "invalid_type",
    "expected": "string",
    "received": "undefined",
    "path": [
      "title"
    ],
    "message": "Required"
  },
  {
    "expected": "'draft' | 'queued' | 'published'",
    "received": "undefined",
    "code": "invalid_type",
    "path": [
      "status"
    ],
    "message": "Required"
  }
]
2026-03-07T10:40:37.468Z - [RECOVERED] deck/declaration.md
2026-03-07T10:40:37.427Z - [RECOVERED] deck/2025.md
    "code": "invalid_type",
    "expected": "string",
    "received": "undefined",
    "path": [
      "title"
    ],
    "message": "Required"
  },
  {
    "expected": "'draft' | 'queued' | 'published'",
    "received": "undefined",
    "code": "invalid_type",
    "path": [
      "status"
    ],
    "message": "Required"
  }
]
2026-03-07T10:40:37.427Z - [RECOVERED] deck/2025.md
2026-03-07T10:40:37.437Z - [RECOVERED] deck/tutorial.md
    "code": "invalid_type",
    "expected": "string",
    "received": "undefined",
    "path": [
      "title"
    ],
    "message": "Required"
  },
  {
    "expected": "'draft' | 'queued' | 'published'",
    "received": "undefined",
    "code": "invalid_type",
    "path": [
      "status"
    ],
    "message": "Required"
  }
]
2026-03-07T10:40:37.437Z - [RECOVERED] deck/tutorial.md
2026-03-07T10:40:37.446Z - [RECOVERED] deck/Forgotten Futures.md
    "code": "invalid_type",
    "expected": "string",
    "received": "undefined",
    "path": [
      "title"
    ],
    "message": "Required"
  },
  {
    "expected": "'draft' | 'queued' | 'published'",
    "received": "undefined",
    "code": "invalid_type",
    "path": [
      "status"
    ],
    "message": "Required"
  }
]
2026-03-07T10:40:37.446Z - [RECOVERED] deck/Forgotten Futures.md
2026-03-07T10:40:37.450Z - [RECOVERED] deck/fatality-intro.md
    "code": "invalid_type",
    "expected": "string",
    "received": "undefined",
    "path": [
      "title"
    ],
    "message": "Required"
  },
  {
    "expected": "'draft' | 'queued' | 'published'",
    "received": "undefined",
    "code": "invalid_type",
    "path": [
      "status"
    ],
    "message": "Required"
  }
]
2026-03-07T10:40:37.450Z - [RECOVERED] deck/fatality-intro.md
2026-03-07T10:40:37.457Z - [RECOVERED] deck/cococo.md
    "code": "invalid_type",
    "expected": "string",
    "received": "undefined",
    "path": [
      "title"
    ],
    "message": "Required"
  },
  {
    "expected": "'draft' | 'queued' | 'published'",
    "received": "undefined",
    "code": "invalid_type",
    "path": [
      "status"
    ],
    "message": "Required"
  }
]
2026-03-07T10:40:37.457Z - [RECOVERED] deck/cococo.md
2026-03-07T10:40:37.463Z - [RECOVERED] deck/fatality-playbook.md
    "code": "invalid_type",
    "expected": "string",
    "received": "undefined",
    "path": [
      "title"
    ],
    "message": "Required"
  },
  {
    "expected": "'draft' | 'queued' | 'published'",
    "received": "undefined",
    "code": "invalid_type",
    "path": [
      "status"
    ],
    "message": "Required"
  }
]
2026-03-07T10:40:37.463Z - [RECOVERED] deck/fatality-playbook.md
2026-03-07T10:40:37.468Z - [RECOVERED] deck/declaration.md
    "code": "invalid_type",
    "expected": "string",
    "received": "undefined",
    "path": [
      "title"
    ],
    "message": "Required"
  },
  {
    "expected": "'draft' | 'queued' | 'published'",
    "received": "undefined",
    "code": "invalid_type",
    "path": [
      "status"
    ],
    "message": "Required"
  }
]
2026-03-07T10:40:37.468Z - [RECOVERED] deck/declaration.md
2026-03-07T10:31:16.532Z - brain-character/brain-character.md: Entity type registration failed for brain-character: No adapter registered for entity type
→ brain-character/brain-character.md.invalid

2026-03-07T10:31:16.646Z - anchor-profile/anchor-profile.md: Entity type registration failed for anchor-profile: No adapter registered for entity type
→ anchor-profile/anchor-profile.md.invalid

2026-03-07T10:36:16.372Z - brain-character/brain-character.md: Entity type registration failed for brain-character: No adapter registered for entity type
→ brain-character/brain-character.md.invalid

2026-03-07T10:36:16.454Z - anchor-profile/anchor-profile.md: Entity type registration failed for anchor-profile: No adapter registered for entity type
→ anchor-profile/anchor-profile.md.invalid

2026-03-07T10:40:37.427Z - [RECOVERED] deck/2025.md
    "code": "invalid_type",
    "expected": "string",
    "received": "undefined",
    "path": [
      "title"
    ],
    "message": "Required"
  },
  {
    "expected": "'draft' | 'queued' | 'published'",
    "received": "undefined",
    "code": "invalid_type",
    "path": [
      "status"
    ],
    "message": "Required"
  }
]
2026-03-07T10:40:37.427Z - [RECOVERED] deck/2025.md
2026-03-07T10:40:37.437Z - [RECOVERED] deck/tutorial.md
    "code": "invalid_type",
    "expected": "string",
    "received": "undefined",
    "path": [
      "title"
    ],
    "message": "Required"
  },
  {
    "expected": "'draft' | 'queued' | 'published'",
    "received": "undefined",
    "code": "invalid_type",
    "path": [
      "status"
    ],
    "message": "Required"
  }
]
2026-03-07T10:40:37.437Z - [RECOVERED] deck/tutorial.md
2026-03-07T10:40:37.446Z - [RECOVERED] deck/Forgotten Futures.md
    "code": "invalid_type",
    "expected": "string",
    "received": "undefined",
    "path": [
      "title"
    ],
    "message": "Required"
  },
  {
    "expected": "'draft' | 'queued' | 'published'",
    "received": "undefined",
    "code": "invalid_type",
    "path": [
      "status"
    ],
    "message": "Required"
  }
]
2026-03-07T10:40:37.446Z - [RECOVERED] deck/Forgotten Futures.md
2026-03-07T10:40:37.450Z - [RECOVERED] deck/fatality-intro.md
    "code": "invalid_type",
    "expected": "string",
    "received": "undefined",
    "path": [
      "title"
    ],
    "message": "Required"
  },
  {
    "expected": "'draft' | 'queued' | 'published'",
    "received": "undefined",
    "code": "invalid_type",
    "path": [
      "status"
    ],
    "message": "Required"
  }
]
2026-03-07T10:40:37.450Z - [RECOVERED] deck/fatality-intro.md
2026-03-07T10:40:37.457Z - [RECOVERED] deck/cococo.md
    "code": "invalid_type",
    "expected": "string",
    "received": "undefined",
    "path": [
      "title"
    ],
    "message": "Required"
  },
  {
    "expected": "'draft' | 'queued' | 'published'",
    "received": "undefined",
    "code": "invalid_type",
    "path": [
      "status"
    ],
    "message": "Required"
  }
]
2026-03-07T10:40:37.457Z - [RECOVERED] deck/cococo.md
2026-03-07T10:40:37.463Z - [RECOVERED] deck/fatality-playbook.md
    "code": "invalid_type",
    "expected": "string",
    "received": "undefined",
    "path": [
      "title"
    ],
    "message": "Required"
  },
  {
    "expected": "'draft' | 'queued' | 'published'",
    "received": "undefined",
    "code": "invalid_type",
    "path": [
      "status"
    ],
    "message": "Required"
  }
]
2026-03-07T10:40:37.463Z - [RECOVERED] deck/fatality-playbook.md
2026-03-07T10:40:37.468Z - [RECOVERED] deck/declaration.md
    "code": "invalid_type",
    "expected": "string",
    "received": "undefined",
    "path": [
      "title"
    ],
    "message": "Required"
  },
  {
    "expected": "'draft' | 'queued' | 'published'",
    "received": "undefined",
    "code": "invalid_type",
    "path": [
      "status"
    ],
    "message": "Required"
  }
]
2026-03-07T10:40:37.468Z - [RECOVERED] deck/declaration.md
2026-03-07T10:41:16.530Z - brain-character/brain-character.md: Entity type registration failed for brain-character: No adapter registered for entity type
→ brain-character/brain-character.md.invalid

2026-03-07T10:41:16.634Z - anchor-profile/anchor-profile.md: Entity type registration failed for anchor-profile: No adapter registered for entity type
→ anchor-profile/anchor-profile.md.invalid

